dez. 18, 2025 11:10:12 AM liquibase.database
INFO: Set default schema name to public
dez. 18, 2025 11:10:13 AM liquibase.changelog
INFO: Reading resource: db/changelog/migrations/001-create-boards.sql
dez. 18, 2025 11:10:13 AM liquibase.changelog
INFO: Reading resource: db/changelog/migrations/002-create-columns-table.sql
dez. 18, 2025 11:10:13 AM liquibase.changelog
INFO: Reading resource: db/changelog/migrations/003-create-cards-table.sql
dez. 18, 2025 11:10:13 AM liquibase.changelog
INFO: Reading resource: db/changelog/migrations/004-create-blocks-tables.sql
dez. 18, 2025 11:10:14 AM liquibase.changelog
INFO: Reading resource: db/changelog/migrations/005-create-set-unblock.sql
dez. 18, 2025 11:10:14 AM liquibase.changelog
INFO: Reading from public.databasechangelog
dez. 18, 2025 11:10:14 AM liquibase.lockservice
INFO: Successfully acquired change log lock
dez. 18, 2025 11:10:14 AM liquibase.command
INFO: Using deploymentId: 6067014263
dez. 18, 2025 11:10:14 AM liquibase.changelog
INFO: Reading from public.databasechangelog
Running Changeset: db/changelog/migrations/002-create-columns-table.sql::002::luis
dez. 18, 2025 11:10:14 AM liquibase.changelog
SEVERE: ChangeSet db/changelog/migrations/002-create-columns-table.sql::002::luis encountered an exception.
liquibase.exception.DatabaseException: ERROR: relation "boards_columns" already exists [Failed SQL: (0) CREATE TABLE BOARDS_COLUMNS (
    id BIGSERIAL PRIMARY KEY,
    name VARCHAR(255) NOT NULL,
    "order" INT NOT NULL,
    kind CHAR(7) NOT NULL,
    board_id BIGINT NOT NULL,

    CONSTRAINT boards_columns_board_fk
        FOREIGN KEY (board_id)
        REFERENCES BOARDS(id)
        ON DELETE CASCADE,

    CONSTRAINT boards_columns_board_order_uk
        UNIQUE (board_id, "order")
)]
	at liquibase.core@4.29.1/liquibase.executor.jvm.JdbcExecutor$ExecuteStatementCallback.doInStatement(JdbcExecutor.java:476)
	at liquibase.core@4.29.1/liquibase.executor.jvm.JdbcExecutor.execute(JdbcExecutor.java:83)
	at liquibase.core@4.29.1/liquibase.executor.jvm.JdbcExecutor.execute(JdbcExecutor.java:185)
	at liquibase.core@4.29.1/liquibase.executor.AbstractExecutor.execute(AbstractExecutor.java:141)
	at liquibase.core@4.29.1/liquibase.database.AbstractJdbcDatabase.executeStatements(AbstractJdbcDatabase.java:1189)
	at liquibase.core@4.29.1/liquibase.changelog.ChangeSet.execute(ChangeSet.java:775)
	at liquibase.core@4.29.1/liquibase.changelog.visitor.UpdateVisitor.executeAcceptedChange(UpdateVisitor.java:119)
	at liquibase.core@4.29.1/liquibase.changelog.visitor.UpdateVisitor.visit(UpdateVisitor.java:68)
	at liquibase.core@4.29.1/liquibase.changelog.ChangeLogIterator.lambda$run$0(ChangeLogIterator.java:131)
	at liquibase.core@4.29.1/liquibase.Scope.lambda$child$0(Scope.java:191)
	at liquibase.core@4.29.1/liquibase.Scope.child(Scope.java:200)
	at liquibase.core@4.29.1/liquibase.Scope.child(Scope.java:190)
	at liquibase.core@4.29.1/liquibase.Scope.child(Scope.java:169)
	at liquibase.core@4.29.1/liquibase.changelog.ChangeLogIterator.lambda$run$1(ChangeLogIterator.java:120)
	at liquibase.core@4.29.1/liquibase.Scope.lambda$child$0(Scope.java:191)
	at liquibase.core@4.29.1/liquibase.Scope.child(Scope.java:200)
	at liquibase.core@4.29.1/liquibase.Scope.child(Scope.java:190)
	at liquibase.core@4.29.1/liquibase.Scope.child(Scope.java:169)
	at liquibase.core@4.29.1/liquibase.Scope.child(Scope.java:257)
	at liquibase.core@4.29.1/liquibase.Scope.child(Scope.java:261)
	at liquibase.core@4.29.1/liquibase.changelog.ChangeLogIterator.run(ChangeLogIterator.java:89)
	at liquibase.core@4.29.1/liquibase.command.core.AbstractUpdateCommandStep.lambda$run$0(AbstractUpdateCommandStep.java:113)
	at liquibase.core@4.29.1/liquibase.Scope.lambda$child$0(Scope.java:191)
	at liquibase.core@4.29.1/liquibase.Scope.child(Scope.java:200)
	at liquibase.core@4.29.1/liquibase.Scope.child(Scope.java:190)
	at liquibase.core@4.29.1/liquibase.Scope.child(Scope.java:169)
	at liquibase.core@4.29.1/liquibase.command.core.AbstractUpdateCommandStep.run(AbstractUpdateCommandStep.java:111)
	at liquibase.core@4.29.1/liquibase.command.core.UpdateCommandStep.run(UpdateCommandStep.java:105)
	at liquibase.core@4.29.1/liquibase.command.CommandScope.execute(CommandScope.java:220)
	at liquibase.core@4.29.1/liquibase.Liquibase.lambda$update$0(Liquibase.java:216)
	at liquibase.core@4.29.1/liquibase.Scope.lambda$child$0(Scope.java:191)
	at liquibase.core@4.29.1/liquibase.Scope.child(Scope.java:200)
	at liquibase.core@4.29.1/liquibase.Scope.child(Scope.java:190)
	at liquibase.core@4.29.1/liquibase.Scope.child(Scope.java:169)
	at liquibase.core@4.29.1/liquibase.Liquibase.runInScope(Liquibase.java:1290)
	at liquibase.core@4.29.1/liquibase.Liquibase.update(Liquibase.java:205)
	at liquibase.core@4.29.1/liquibase.Liquibase.update(Liquibase.java:188)
	at liquibase.core@4.29.1/liquibase.Liquibase.update(Liquibase.java:175)
	at liquibase.core@4.29.1/liquibase.Liquibase.update(Liquibase.java:155)
	at org.luis.board@1.0-SNAPSHOT/org.luis.board.persistence.migrations.MigrationStrategy.executeMigration(MigrationStrategy.java:36)
	at org.luis.board@1.0-SNAPSHOT/org.luis.board.Main.main(Main.java:13)
Caused by: org.postgresql.util.PSQLException: ERROR: relation "boards_columns" already exists
	at org.postgresql.jdbc@42.7.3/org.postgresql.core.v3.QueryExecutorImpl.receiveErrorResponse(QueryExecutorImpl.java:2725)
	at org.postgresql.jdbc@42.7.3/org.postgresql.core.v3.QueryExecutorImpl.processResults(QueryExecutorImpl.java:2412)
	at org.postgresql.jdbc@42.7.3/org.postgresql.core.v3.QueryExecutorImpl.execute(QueryExecutorImpl.java:371)
	at org.postgresql.jdbc@42.7.3/org.postgresql.jdbc.PgStatement.executeInternal(PgStatement.java:502)
	at org.postgresql.jdbc@42.7.3/org.postgresql.jdbc.PgStatement.execute(PgStatement.java:419)
	at org.postgresql.jdbc@42.7.3/org.postgresql.jdbc.PgStatement.executeWithFlags(PgStatement.java:341)
	at org.postgresql.jdbc@42.7.3/org.postgresql.jdbc.PgStatement.executeCachedSql(PgStatement.java:326)
	at org.postgresql.jdbc@42.7.3/org.postgresql.jdbc.PgStatement.executeWithFlags(PgStatement.java:302)
	at org.postgresql.jdbc@42.7.3/org.postgresql.jdbc.PgStatement.execute(PgStatement.java:297)
	at liquibase.core@4.29.1/liquibase.executor.jvm.JdbcExecutor$ExecuteStatementCallback.doInStatement(JdbcExecutor.java:470)
	... 40 more


UPDATE SUMMARY
Run:                          0
Previously run:               1
Filtered out:                 0
-------------------------------
Total change sets:            5

dez. 18, 2025 11:10:14 AM liquibase.util
INFO: UPDATE SUMMARY
dez. 18, 2025 11:10:14 AM liquibase.util
INFO: Run:                          0
dez. 18, 2025 11:10:14 AM liquibase.util
INFO: Previously run:               1
dez. 18, 2025 11:10:14 AM liquibase.util
INFO: Filtered out:                 0
dez. 18, 2025 11:10:14 AM liquibase.util
INFO: -------------------------------
dez. 18, 2025 11:10:14 AM liquibase.util
INFO: Total change sets:            5
dez. 18, 2025 11:10:14 AM liquibase.util
INFO: Update summary generated
dez. 18, 2025 11:10:14 AM liquibase.command
INFO: Update command encountered an exception.
dez. 18, 2025 11:10:14 AM liquibase.lockservice
INFO: Successfully released change log lock
dez. 18, 2025 11:10:14 AM liquibase.command
INFO: Logging exception.
ERROR: Exception Details
ERROR: Exception Primary Class:  PSQLException
ERROR: Exception Primary Reason:  ERROR: relation "boards_columns" already exists
ERROR: Exception Primary Source:  PostgreSQL 13.13
dez. 18, 2025 11:10:14 AM liquibase.command
INFO: Command execution complete
liquibase.exception.CommandExecutionException: liquibase.exception.LiquibaseException: liquibase.exception.MigrationFailedException: Migration failed for changeset db/changelog/migrations/002-create-columns-table.sql::002::luis:
     Reason: liquibase.exception.DatabaseException: ERROR: relation "boards_columns" already exists [Failed SQL: (0) CREATE TABLE BOARDS_COLUMNS (
    id BIGSERIAL PRIMARY KEY,
    name VARCHAR(255) NOT NULL,
    "order" INT NOT NULL,
    kind CHAR(7) NOT NULL,
    board_id BIGINT NOT NULL,

    CONSTRAINT boards_columns_board_fk
        FOREIGN KEY (board_id)
        REFERENCES BOARDS(id)
        ON DELETE CASCADE,

    CONSTRAINT boards_columns_board_order_uk
        UNIQUE (board_id, "order")
)]
	at liquibase.core@4.29.1/liquibase.command.CommandScope.execute(CommandScope.java:258)
	at liquibase.core@4.29.1/liquibase.Liquibase.lambda$update$0(Liquibase.java:216)
	at liquibase.core@4.29.1/liquibase.Scope.lambda$child$0(Scope.java:191)
	at liquibase.core@4.29.1/liquibase.Scope.child(Scope.java:200)
	at liquibase.core@4.29.1/liquibase.Scope.child(Scope.java:190)
	at liquibase.core@4.29.1/liquibase.Scope.child(Scope.java:169)
	at liquibase.core@4.29.1/liquibase.Liquibase.runInScope(Liquibase.java:1290)
	at liquibase.core@4.29.1/liquibase.Liquibase.update(Liquibase.java:205)
	at liquibase.core@4.29.1/liquibase.Liquibase.update(Liquibase.java:188)
	at liquibase.core@4.29.1/liquibase.Liquibase.update(Liquibase.java:175)
	at liquibase.core@4.29.1/liquibase.Liquibase.update(Liquibase.java:155)
	at org.luis.board@1.0-SNAPSHOT/org.luis.board.persistence.migrations.MigrationStrategy.executeMigration(MigrationStrategy.java:36)
	at org.luis.board@1.0-SNAPSHOT/org.luis.board.Main.main(Main.java:13)
Caused by: liquibase.exception.LiquibaseException: liquibase.exception.MigrationFailedException: Migration failed for changeset db/changelog/migrations/002-create-columns-table.sql::002::luis:
     Reason: liquibase.exception.DatabaseException: ERROR: relation "boards_columns" already exists [Failed SQL: (0) CREATE TABLE BOARDS_COLUMNS (
    id BIGSERIAL PRIMARY KEY,
    name VARCHAR(255) NOT NULL,
    "order" INT NOT NULL,
    kind CHAR(7) NOT NULL,
    board_id BIGINT NOT NULL,

    CONSTRAINT boards_columns_board_fk
        FOREIGN KEY (board_id)
        REFERENCES BOARDS(id)
        ON DELETE CASCADE,

    CONSTRAINT boards_columns_board_order_uk
        UNIQUE (board_id, "order")
)]
	at liquibase.core@4.29.1/liquibase.changelog.ChangeLogIterator.run(ChangeLogIterator.java:148)
	at liquibase.core@4.29.1/liquibase.command.core.AbstractUpdateCommandStep.lambda$run$0(AbstractUpdateCommandStep.java:113)
	at liquibase.core@4.29.1/liquibase.Scope.lambda$child$0(Scope.java:191)
	at liquibase.core@4.29.1/liquibase.Scope.child(Scope.java:200)
	at liquibase.core@4.29.1/liquibase.Scope.child(Scope.java:190)
	at liquibase.core@4.29.1/liquibase.Scope.child(Scope.java:169)
	at liquibase.core@4.29.1/liquibase.command.core.AbstractUpdateCommandStep.run(AbstractUpdateCommandStep.java:111)
	at liquibase.core@4.29.1/liquibase.command.core.UpdateCommandStep.run(UpdateCommandStep.java:105)
	at liquibase.core@4.29.1/liquibase.command.CommandScope.execute(CommandScope.java:220)
	... 12 more
Caused by: liquibase.exception.MigrationFailedException: Migration failed for changeset db/changelog/migrations/002-create-columns-table.sql::002::luis:
     Reason: liquibase.exception.DatabaseException: ERROR: relation "boards_columns" already exists [Failed SQL: (0) CREATE TABLE BOARDS_COLUMNS (
    id BIGSERIAL PRIMARY KEY,
    name VARCHAR(255) NOT NULL,
    "order" INT NOT NULL,
    kind CHAR(7) NOT NULL,
    board_id BIGINT NOT NULL,

    CONSTRAINT boards_columns_board_fk
        FOREIGN KEY (board_id)
        REFERENCES BOARDS(id)
        ON DELETE CASCADE,

    CONSTRAINT boards_columns_board_order_uk
        UNIQUE (board_id, "order")
)]
	at liquibase.core@4.29.1/liquibase.changelog.ChangeSet.execute(ChangeSet.java:819)
	at liquibase.core@4.29.1/liquibase.changelog.visitor.UpdateVisitor.executeAcceptedChange(UpdateVisitor.java:119)
	at liquibase.core@4.29.1/liquibase.changelog.visitor.UpdateVisitor.visit(UpdateVisitor.java:68)
	at liquibase.core@4.29.1/liquibase.changelog.ChangeLogIterator.lambda$run$0(ChangeLogIterator.java:131)
	at liquibase.core@4.29.1/liquibase.Scope.lambda$child$0(Scope.java:191)
	at liquibase.core@4.29.1/liquibase.Scope.child(Scope.java:200)
	at liquibase.core@4.29.1/liquibase.Scope.child(Scope.java:190)
	at liquibase.core@4.29.1/liquibase.Scope.child(Scope.java:169)
	at liquibase.core@4.29.1/liquibase.changelog.ChangeLogIterator.lambda$run$1(ChangeLogIterator.java:120)
	at liquibase.core@4.29.1/liquibase.Scope.lambda$child$0(Scope.java:191)
	at liquibase.core@4.29.1/liquibase.Scope.child(Scope.java:200)
	at liquibase.core@4.29.1/liquibase.Scope.child(Scope.java:190)
	at liquibase.core@4.29.1/liquibase.Scope.child(Scope.java:169)
	at liquibase.core@4.29.1/liquibase.Scope.child(Scope.java:257)
	at liquibase.core@4.29.1/liquibase.Scope.child(Scope.java:261)
	at liquibase.core@4.29.1/liquibase.changelog.ChangeLogIterator.run(ChangeLogIterator.java:89)
	... 20 more
Caused by: liquibase.exception.DatabaseException: ERROR: relation "boards_columns" already exists [Failed SQL: (0) CREATE TABLE BOARDS_COLUMNS (
    id BIGSERIAL PRIMARY KEY,
    name VARCHAR(255) NOT NULL,
    "order" INT NOT NULL,
    kind CHAR(7) NOT NULL,
    board_id BIGINT NOT NULL,

    CONSTRAINT boards_columns_board_fk
        FOREIGN KEY (board_id)
        REFERENCES BOARDS(id)
        ON DELETE CASCADE,

    CONSTRAINT boards_columns_board_order_uk
        UNIQUE (board_id, "order")
)]
	at liquibase.core@4.29.1/liquibase.executor.jvm.JdbcExecutor$ExecuteStatementCallback.doInStatement(JdbcExecutor.java:476)
	at liquibase.core@4.29.1/liquibase.executor.jvm.JdbcExecutor.execute(JdbcExecutor.java:83)
	at liquibase.core@4.29.1/liquibase.executor.jvm.JdbcExecutor.execute(JdbcExecutor.java:185)
	at liquibase.core@4.29.1/liquibase.executor.AbstractExecutor.execute(AbstractExecutor.java:141)
	at liquibase.core@4.29.1/liquibase.database.AbstractJdbcDatabase.executeStatements(AbstractJdbcDatabase.java:1189)
	at liquibase.core@4.29.1/liquibase.changelog.ChangeSet.execute(ChangeSet.java:775)
	... 35 more
Caused by: org.postgresql.util.PSQLException: ERROR: relation "boards_columns" already exists
	at org.postgresql.jdbc@42.7.3/org.postgresql.core.v3.QueryExecutorImpl.receiveErrorResponse(QueryExecutorImpl.java:2725)
	at org.postgresql.jdbc@42.7.3/org.postgresql.core.v3.QueryExecutorImpl.processResults(QueryExecutorImpl.java:2412)
	at org.postgresql.jdbc@42.7.3/org.postgresql.core.v3.QueryExecutorImpl.execute(QueryExecutorImpl.java:371)
	at org.postgresql.jdbc@42.7.3/org.postgresql.jdbc.PgStatement.executeInternal(PgStatement.java:502)
	at org.postgresql.jdbc@42.7.3/org.postgresql.jdbc.PgStatement.execute(PgStatement.java:419)
	at org.postgresql.jdbc@42.7.3/org.postgresql.jdbc.PgStatement.executeWithFlags(PgStatement.java:341)
	at org.postgresql.jdbc@42.7.3/org.postgresql.jdbc.PgStatement.executeCachedSql(PgStatement.java:326)
	at org.postgresql.jdbc@42.7.3/org.postgresql.jdbc.PgStatement.executeWithFlags(PgStatement.java:302)
	at org.postgresql.jdbc@42.7.3/org.postgresql.jdbc.PgStatement.execute(PgStatement.java:297)
	at liquibase.core@4.29.1/liquibase.executor.jvm.JdbcExecutor$ExecuteStatementCallback.doInStatement(JdbcExecutor.java:470)
	... 40 more
